15:38:23 --- Start new session ---
15:39:46 TaskID: 100000
15:39:46 ParCount: 6
15:39:46 Prg: "PCPLC"
15:39:46 Pars: "0,210,18,12,1,0"
15:40:27 TaskID: 100000
15:40:27 ParCount: 6
15:40:27 Prg: "PCPLC"
15:40:27 Pars: "0,12,1,210,18,0"
15:42:08 TaskID: 100000
15:42:08 ParCount: 6
15:42:08 Prg: "PCPLC"
15:42:08 Pars: "0,210,1,210,22,0"
15:43:07 TaskID: 100000
15:43:07 ParCount: 6
15:43:07 Prg: "PCPLC"
15:43:07 Pars: "0,210,22,1,1,0"
15:46:00 TaskID: 100000
15:46:00 ParCount: 6
15:46:00 Prg: "PCPLC"
15:46:00 Pars: "0,12,1,210,22,0"
15:46:39 TaskID: 100000
15:46:39 ParCount: 6
15:46:39 Prg: "PCPLC"
15:46:39 Pars: "0,210,72,210,1,0"
15:48:46 TaskID: 100000
15:48:46 ParCount: 6
15:48:46 Prg: "PCPLC"
15:48:46 Pars: "0,210,1,210,72,0"
15:50:45 TaskID: 100000
15:50:45 ParCount: 6
15:50:45 Prg: "PCPLC"
15:50:45 Pars: "0,210,22,12,1,0"
15:51:23 TaskID: 100000
15:51:23 ParCount: 6
15:51:23 Prg: "PCPLC"
15:51:23 Pars: "0,12,1,210,1,0"
16:23:57 
